Replace Part B1 AZ1117CR-3.3TRG1 in C:\Users\VM\Desktop\AltiumProjects\CCI_Mouse\Sheet1.SchDoc with AZ1117CR-3.3TRG1 from Database_Libs_RenaudG.DbLib
Replace Part C1 Capacitor in C:\Users\VM\Desktop\AltiumProjects\CCI_Mouse\Sheet1.SchDoc with Capacitor from Database_Libs_RenaudG.DbLib
Replace Part C2 Capacitor in C:\Users\VM\Desktop\AltiumProjects\CCI_Mouse\Sheet1.SchDoc with Capacitor from Database_Libs_RenaudG.DbLib
Replace Part C3 Capacitor in C:\Users\VM\Desktop\AltiumProjects\CCI_Mouse\Sheet1.SchDoc with Capacitor from Database_Libs_RenaudG.DbLib
Replace Part C4 Capacitor in C:\Users\VM\Desktop\AltiumProjects\CCI_Mouse\Sheet1.SchDoc with Capacitor from Database_Libs_RenaudG.DbLib
Replace Part C5 Capacitor in C:\Users\VM\Desktop\AltiumProjects\CCI_Mouse\Sheet1.SchDoc with Capacitor from Database_Libs_RenaudG.DbLib
Replace Part C6 Capacitor in C:\Users\VM\Desktop\AltiumProjects\CCI_Mouse\Sheet1.SchDoc with Capacitor from Database_Libs_RenaudG.DbLib
Replace Part C7 Capacitor in C:\Users\VM\Desktop\AltiumProjects\CCI_Mouse\Sheet1.SchDoc with Capacitor from Database_Libs_RenaudG.DbLib
Replace Part C8 Capacitor in C:\Users\VM\Desktop\AltiumProjects\CCI_Mouse\Sheet1.SchDoc with Capacitor from Database_Libs_RenaudG.DbLib
Replace Part C9 Capacitor in C:\Users\VM\Desktop\AltiumProjects\CCI_Mouse\Sheet1.SchDoc with Capacitor from Database_Libs_RenaudG.DbLib
Replace Part D1 TPD4E02B04DQAR in C:\Users\VM\Desktop\AltiumProjects\CCI_Mouse\Sheet1.SchDoc with TPD4E02B04DQAR from Database_Libs_RenaudG.DbLib
Replace Part D2 NEOPIXEL-4020 in C:\Users\VM\Desktop\AltiumProjects\CCI_Mouse\Sheet1.SchDoc with NEOPIXEL-4020 from Database_Libs_RenaudG.DbLib
Replace Part D3 NEOPIXEL-4020 in C:\Users\VM\Desktop\AltiumProjects\CCI_Mouse\Sheet1.SchDoc with NEOPIXEL-4020 from Database_Libs_RenaudG.DbLib
Replace Part D4 NEOPIXEL-4020 in C:\Users\VM\Desktop\AltiumProjects\CCI_Mouse\Sheet1.SchDoc with NEOPIXEL-4020 from Database_Libs_RenaudG.DbLib
Replace Part D5 NEOPIXEL-4020 in C:\Users\VM\Desktop\AltiumProjects\CCI_Mouse\Sheet1.SchDoc with NEOPIXEL-4020 from Database_Libs_RenaudG.DbLib
Replace Part D6 NEOPIXEL-4020 in C:\Users\VM\Desktop\AltiumProjects\CCI_Mouse\Sheet1.SchDoc with NEOPIXEL-4020 from Database_Libs_RenaudG.DbLib
Replace Part D7 NEOPIXEL-4020 in C:\Users\VM\Desktop\AltiumProjects\CCI_Mouse\Sheet1.SchDoc with NEOPIXEL-4020 from Database_Libs_RenaudG.DbLib
Replace Part D8 NEOPIXEL-4020 in C:\Users\VM\Desktop\AltiumProjects\CCI_Mouse\Sheet1.SchDoc with NEOPIXEL-4020 from Database_Libs_RenaudG.DbLib
Replace Part D9 NEOPIXEL-4020 in C:\Users\VM\Desktop\AltiumProjects\CCI_Mouse\Sheet1.SchDoc with NEOPIXEL-4020 from Database_Libs_RenaudG.DbLib
Replace Part D10 NEOPIXEL-4020 in C:\Users\VM\Desktop\AltiumProjects\CCI_Mouse\Sheet1.SchDoc with NEOPIXEL-4020 from Database_Libs_RenaudG.DbLib
Replace Part D11 NEOPIXEL-4020 in C:\Users\VM\Desktop\AltiumProjects\CCI_Mouse\Sheet1.SchDoc with NEOPIXEL-4020 from Database_Libs_RenaudG.DbLib
Replace Part J1 GSB1C41110SSHR in C:\Users\VM\Desktop\AltiumProjects\CCI_Mouse\Sheet1.SchDoc with GSB1C41110SSHR from Database_Libs_RenaudG.DbLib
Replace Part J2 4 pin conn in C:\Users\VM\Desktop\AltiumProjects\CCI_Mouse\Sheet1.SchDoc with 4 pin conn from Database_Libs_RenaudG.DbLib
Replace Part J3 4 pin conn in C:\Users\VM\Desktop\AltiumProjects\CCI_Mouse\Sheet1.SchDoc with 4 pin conn from Database_Libs_RenaudG.DbLib
Replace Part M1 motor in C:\Users\VM\Desktop\AltiumProjects\CCI_Mouse\Sheet1.SchDoc with motor from Database_Libs_RenaudG.DbLib
Replace Part NEO_END TestPoint in C:\Users\VM\Desktop\AltiumProjects\CCI_Mouse\Sheet1.SchDoc with TestPoint from Database_Libs_RenaudG.DbLib
Replace Part R1 Resistor in C:\Users\VM\Desktop\AltiumProjects\CCI_Mouse\Sheet1.SchDoc with Resistor from Database_Libs_RenaudG.DbLib
Replace Part R2 Resistor in C:\Users\VM\Desktop\AltiumProjects\CCI_Mouse\Sheet1.SchDoc with Resistor from Database_Libs_RenaudG.DbLib
Replace Part R3 Resistor in C:\Users\VM\Desktop\AltiumProjects\CCI_Mouse\Sheet1.SchDoc with Resistor from Database_Libs_RenaudG.DbLib
Replace Part R4 Resistor in C:\Users\VM\Desktop\AltiumProjects\CCI_Mouse\Sheet1.SchDoc with Resistor from Database_Libs_RenaudG.DbLib
Replace Part R5 Resistor in C:\Users\VM\Desktop\AltiumProjects\CCI_Mouse\Sheet1.SchDoc with Resistor from Database_Libs_RenaudG.DbLib
Replace Part Spare1 TestPoint in C:\Users\VM\Desktop\AltiumProjects\CCI_Mouse\Sheet1.SchDoc with TestPoint from Database_Libs_RenaudG.DbLib
Replace Part Spare2 TestPoint in C:\Users\VM\Desktop\AltiumProjects\CCI_Mouse\Sheet1.SchDoc with TestPoint from Database_Libs_RenaudG.DbLib
Replace Part Spare3 TestPoint in C:\Users\VM\Desktop\AltiumProjects\CCI_Mouse\Sheet1.SchDoc with TestPoint from Database_Libs_RenaudG.DbLib
Replace Part Spare4 TestPoint in C:\Users\VM\Desktop\AltiumProjects\CCI_Mouse\Sheet1.SchDoc with TestPoint from Database_Libs_RenaudG.DbLib
Replace Part Spare5 TestPoint in C:\Users\VM\Desktop\AltiumProjects\CCI_Mouse\Sheet1.SchDoc with TestPoint from Database_Libs_RenaudG.DbLib
Replace Part Spare6 TestPoint in C:\Users\VM\Desktop\AltiumProjects\CCI_Mouse\Sheet1.SchDoc with TestPoint from Database_Libs_RenaudG.DbLib
Replace Part Spare7 TestPoint in C:\Users\VM\Desktop\AltiumProjects\CCI_Mouse\Sheet1.SchDoc with TestPoint from Database_Libs_RenaudG.DbLib
Replace Part SW1 SPST_BUTTON in C:\Users\VM\Desktop\AltiumProjects\CCI_Mouse\Sheet1.SchDoc with SPST_BUTTON from Database_Libs_RenaudG.DbLib
Replace Part SW3 SPST_BUTTON in C:\Users\VM\Desktop\AltiumProjects\CCI_Mouse\Sheet1.SchDoc with SPST_BUTTON from Database_Libs_RenaudG.DbLib
Replace Part SWCLK TestPoint in C:\Users\VM\Desktop\AltiumProjects\CCI_Mouse\Sheet1.SchDoc with TestPoint from Database_Libs_RenaudG.DbLib
Replace Part SWDIO TestPoint in C:\Users\VM\Desktop\AltiumProjects\CCI_Mouse\Sheet1.SchDoc with TestPoint from Database_Libs_RenaudG.DbLib
Replace Part U1 CH32V203CxT6 in C:\Users\VM\Desktop\AltiumProjects\CCI_Mouse\Sheet1.SchDoc with CH32V203CxT6 from Database_Libs_RenaudG.DbLib
Replace Part U2 DMN2230UQ-7 in C:\Users\VM\Desktop\AltiumProjects\CCI_Mouse\Sheet1.SchDoc with DMN2230UQ-7 from Database_Libs_RenaudG.DbLib
