Removed Pin From Net: NetName=+5 Pin=D2-1
Removed Pin From Net: NetName=GND Pin=D2-3
Removed Pin From Net: NetName=NEOPX Pin=D2-4
Removed Pin From Net: NetName=+5 Pin=D3-1
Removed Pin From Net: NetName=GND Pin=D3-3
Removed Pin From Net: NetName=+5 Pin=D4-1
Removed Pin From Net: NetName=GND Pin=D4-3
Removed Pin From Net: NetName=+5 Pin=D5-1
Removed Pin From Net: NetName=GND Pin=D5-3
Removed Pin From Net: NetName=+5 Pin=D6-1
Removed Pin From Net: NetName=NEO_ROW2 Pin=D6-2
Removed Pin From Net: NetName=GND Pin=D6-3
Removed Pin From Net: NetName=+5 Pin=D7-1
Removed Pin From Net: NetName=GND Pin=D7-3
Removed Pin From Net: NetName=NEO_ROW2 Pin=D7-4
Removed Pin From Net: NetName=+5 Pin=D8-1
Removed Pin From Net: NetName=GND Pin=D8-3
Removed Pin From Net: NetName=+5 Pin=D9-1
Removed Pin From Net: NetName=GND Pin=D9-3
Removed Pin From Net: NetName=+5 Pin=D10-1
Removed Pin From Net: NetName=GND Pin=D10-3
Removed Pin From Net: NetName=+5 Pin=D11-1
Removed Pin From Net: NetName=NEO_END Pin=D11-2
Removed Pin From Net: NetName=GND Pin=D11-3
Change Component Footprint: Designator=D2 Old Footprint=WS2812B5050 New Footprint=WS2812B4020
Change Component Footprint: Designator=D3 Old Footprint=WS2812B5050 New Footprint=WS2812B4020
Change Component Footprint: Designator=D4 Old Footprint=WS2812B5050 New Footprint=WS2812B4020
Change Component Footprint: Designator=D5 Old Footprint=WS2812B5050 New Footprint=WS2812B4020
Change Component Footprint: Designator=D6 Old Footprint=WS2812B5050 New Footprint=WS2812B4020
Change Component Footprint: Designator=D7 Old Footprint=WS2812B5050 New Footprint=WS2812B4020
Change Component Footprint: Designator=D8 Old Footprint=WS2812B5050 New Footprint=WS2812B4020
Change Component Footprint: Designator=D9 Old Footprint=WS2812B5050 New Footprint=WS2812B4020
Change Component Footprint: Designator=D10 Old Footprint=WS2812B5050 New Footprint=WS2812B4020
Change Component Footprint: Designator=D11 Old Footprint=WS2812B5050 New Footprint=WS2812B4020
Change component parameters: Designator = "D2" ("D2"); Footprint = "WS2812B5050"; UniqueID = "\LOOVTSUQ" ("\LOOVTSUQ")
Change component parameters (AddParameter): Name = "JLC PartNumber"; Value = "C3647024"; VariantName = "[No Variations]"
Change component parameters (AddParameter): Name = "Manufacturer"; Value = "Worldsemi"; VariantName = "[No Variations]"
Change component parameters (AddParameter): Name = "Part Number"; Value = "DIO4020-RYIG4M"; VariantName = "[No Variations]"
Change component parameters (AddParameter): Name = "SCH_Comment"; Value = "WS2812B"; VariantName = "[No Variations]"
Change component parameters (AddParameter): Name = "Supplier 1"; Value = "LCSC"; VariantName = "[No Variations]"
Change component parameters (AddParameter): Name = "Supplier Part Number 1"; Value = "C2761795"; VariantName = "[No Variations]"
Change component parameters: Designator = "D3" ("D3"); Footprint = "WS2812B5050"; UniqueID = "\QAXHADZP" ("\QAXHADZP")
Change component parameters (AddParameter): Name = "JLC PartNumber"; Value = "C3647024"; VariantName = "[No Variations]"
Change component parameters (AddParameter): Name = "Manufacturer"; Value = "Worldsemi"; VariantName = "[No Variations]"
Change component parameters (AddParameter): Name = "Part Number"; Value = "DIO4020-RYIG4M"; VariantName = "[No Variations]"
Change component parameters (AddParameter): Name = "SCH_Comment"; Value = "WS2812B"; VariantName = "[No Variations]"
Change component parameters (AddParameter): Name = "Supplier 1"; Value = "LCSC"; VariantName = "[No Variations]"
Change component parameters (AddParameter): Name = "Supplier Part Number 1"; Value = "C2761795"; VariantName = "[No Variations]"
Change component parameters: Designator = "D4" ("D4"); Footprint = "WS2812B5050"; UniqueID = "\BPSQCKNA" ("\BPSQCKNA")
Change component parameters (AddParameter): Name = "JLC PartNumber"; Value = "C3647024"; VariantName = "[No Variations]"
Change component parameters (AddParameter): Name = "Manufacturer"; Value = "Worldsemi"; VariantName = "[No Variations]"
Change component parameters (AddParameter): Name = "Part Number"; Value = "DIO4020-RYIG4M"; VariantName = "[No Variations]"
Change component parameters (AddParameter): Name = "SCH_Comment"; Value = "WS2812B"; VariantName = "[No Variations]"
Change component parameters (AddParameter): Name = "Supplier 1"; Value = "LCSC"; VariantName = "[No Variations]"
Change component parameters (AddParameter): Name = "Supplier Part Number 1"; Value = "C2761795"; VariantName = "[No Variations]"
Change component parameters: Designator = "D5" ("D5"); Footprint = "WS2812B5050"; UniqueID = "\EYDZHDAV" ("\EYDZHDAV")
Change component parameters (AddParameter): Name = "JLC PartNumber"; Value = "C3647024"; VariantName = "[No Variations]"
Change component parameters (AddParameter): Name = "Manufacturer"; Value = "Worldsemi"; VariantName = "[No Variations]"
Change component parameters (AddParameter): Name = "Part Number"; Value = "DIO4020-RYIG4M"; VariantName = "[No Variations]"
Change component parameters (AddParameter): Name = "SCH_Comment"; Value = "WS2812B"; VariantName = "[No Variations]"
Change component parameters (AddParameter): Name = "Supplier 1"; Value = "LCSC"; VariantName = "[No Variations]"
Change component parameters (AddParameter): Name = "Supplier Part Number 1"; Value = "C2761795"; VariantName = "[No Variations]"
Change component parameters: Designator = "D6" ("D6"); Footprint = "WS2812B5050"; UniqueID = "\SIUTGNST" ("\SIUTGNST")
Change component parameters (AddParameter): Name = "JLC PartNumber"; Value = "C3647024"; VariantName = "[No Variations]"
Change component parameters (AddParameter): Name = "Manufacturer"; Value = "Worldsemi"; VariantName = "[No Variations]"
Change component parameters (AddParameter): Name = "Part Number"; Value = "DIO4020-RYIG4M"; VariantName = "[No Variations]"
Change component parameters (AddParameter): Name = "SCH_Comment"; Value = "WS2812B"; VariantName = "[No Variations]"
Change component parameters (AddParameter): Name = "Supplier 1"; Value = "LCSC"; VariantName = "[No Variations]"
Change component parameters (AddParameter): Name = "Supplier Part Number 1"; Value = "C2761795"; VariantName = "[No Variations]"
Change component parameters: Designator = "D7" ("D7"); Footprint = "WS2812B5050"; UniqueID = "\OIXLHXUA" ("\OIXLHXUA")
Change component parameters (AddParameter): Name = "JLC PartNumber"; Value = "C3647024"; VariantName = "[No Variations]"
Change component parameters (AddParameter): Name = "Manufacturer"; Value = "Worldsemi"; VariantName = "[No Variations]"
Change component parameters (AddParameter): Name = "Part Number"; Value = "DIO4020-RYIG4M"; VariantName = "[No Variations]"
Change component parameters (AddParameter): Name = "SCH_Comment"; Value = "WS2812B"; VariantName = "[No Variations]"
Change component parameters (AddParameter): Name = "Supplier 1"; Value = "LCSC"; VariantName = "[No Variations]"
Change component parameters (AddParameter): Name = "Supplier Part Number 1"; Value = "C2761795"; VariantName = "[No Variations]"
Change component parameters: Designator = "D8" ("D8"); Footprint = "WS2812B5050"; UniqueID = "\DGTBEPFS" ("\DGTBEPFS")
Change component parameters (AddParameter): Name = "JLC PartNumber"; Value = "C3647024"; VariantName = "[No Variations]"
Change component parameters (AddParameter): Name = "Manufacturer"; Value = "Worldsemi"; VariantName = "[No Variations]"
Change component parameters (AddParameter): Name = "Part Number"; Value = "DIO4020-RYIG4M"; VariantName = "[No Variations]"
Change component parameters (AddParameter): Name = "SCH_Comment"; Value = "WS2812B"; VariantName = "[No Variations]"
Change component parameters (AddParameter): Name = "Supplier 1"; Value = "LCSC"; VariantName = "[No Variations]"
Change component parameters (AddParameter): Name = "Supplier Part Number 1"; Value = "C2761795"; VariantName = "[No Variations]"
Change component parameters: Designator = "D9" ("D9"); Footprint = "WS2812B5050"; UniqueID = "\PLGVSDGV" ("\PLGVSDGV")
Change component parameters (AddParameter): Name = "JLC PartNumber"; Value = "C3647024"; VariantName = "[No Variations]"
Change component parameters (AddParameter): Name = "Manufacturer"; Value = "Worldsemi"; VariantName = "[No Variations]"
Change component parameters (AddParameter): Name = "Part Number"; Value = "DIO4020-RYIG4M"; VariantName = "[No Variations]"
Change component parameters (AddParameter): Name = "SCH_Comment"; Value = "WS2812B"; VariantName = "[No Variations]"
Change component parameters (AddParameter): Name = "Supplier 1"; Value = "LCSC"; VariantName = "[No Variations]"
Change component parameters (AddParameter): Name = "Supplier Part Number 1"; Value = "C2761795"; VariantName = "[No Variations]"
Change component parameters: Designator = "D10" ("D10"); Footprint = "WS2812B5050"; UniqueID = "\XHSORAGH" ("\XHSORAGH")
Change component parameters (AddParameter): Name = "JLC PartNumber"; Value = "C3647024"; VariantName = "[No Variations]"
Change component parameters (AddParameter): Name = "Manufacturer"; Value = "Worldsemi"; VariantName = "[No Variations]"
Change component parameters (AddParameter): Name = "Part Number"; Value = "DIO4020-RYIG4M"; VariantName = "[No Variations]"
Change component parameters (AddParameter): Name = "SCH_Comment"; Value = "WS2812B"; VariantName = "[No Variations]"
Change component parameters (AddParameter): Name = "Supplier 1"; Value = "LCSC"; VariantName = "[No Variations]"
Change component parameters (AddParameter): Name = "Supplier Part Number 1"; Value = "C2761795"; VariantName = "[No Variations]"
Change component parameters: Designator = "D11" ("D11"); Footprint = "WS2812B5050"; UniqueID = "\EMVGUAWT" ("\EMVGUAWT")
Change component parameters (AddParameter): Name = "JLC PartNumber"; Value = "C3647024"; VariantName = "[No Variations]"
Change component parameters (AddParameter): Name = "Manufacturer"; Value = "Worldsemi"; VariantName = "[No Variations]"
Change component parameters (AddParameter): Name = "Part Number"; Value = "DIO4020-RYIG4M"; VariantName = "[No Variations]"
Change component parameters (AddParameter): Name = "SCH_Comment"; Value = "WS2812B"; VariantName = "[No Variations]"
Change component parameters (AddParameter): Name = "Supplier 1"; Value = "LCSC"; VariantName = "[No Variations]"
Change component parameters (AddParameter): Name = "Supplier Part Number 1"; Value = "C2761795"; VariantName = "[No Variations]"
Added Pin To Net: NetName=NEOPX Pin=D2-1
Added Pin To Net: NetName=+5 Pin=D2-2
Added Pin To Net: NetName=GND Pin=D2-4
Added Pin To Net: NetName=+5 Pin=D3-2
Added Pin To Net: NetName=GND Pin=D3-4
Added Pin To Net: NetName=+5 Pin=D4-2
Added Pin To Net: NetName=GND Pin=D4-4
Added Pin To Net: NetName=+5 Pin=D5-2
Added Pin To Net: NetName=GND Pin=D5-4
Added Pin To Net: NetName=+5 Pin=D6-2
Added Pin To Net: NetName=NEO_ROW2 Pin=D6-3
Added Pin To Net: NetName=GND Pin=D6-4
Added Pin To Net: NetName=NEO_ROW2 Pin=D7-1
Added Pin To Net: NetName=+5 Pin=D7-2
Added Pin To Net: NetName=GND Pin=D7-4
Added Pin To Net: NetName=+5 Pin=D8-2
Added Pin To Net: NetName=GND Pin=D8-4
Added Pin To Net: NetName=+5 Pin=D9-2
Added Pin To Net: NetName=GND Pin=D9-4
Added Pin To Net: NetName=+5 Pin=D10-2
Added Pin To Net: NetName=GND Pin=D10-4
Added Pin To Net: NetName=+5 Pin=D11-2
Added Pin To Net: NetName=NEO_END Pin=D11-3
Added Pin To Net: NetName=GND Pin=D11-4
Added Pin To Net: NetName=NetD2_3 Pin=D2-3
Added Pin To Net: NetName=NetD2_3 Pin=D3-1
Added Net: Name=NetD2_3
Added Pin To Net: NetName=NetD3_3 Pin=D3-3
Added Pin To Net: NetName=NetD3_3 Pin=D4-1
Added Net: Name=NetD3_3
Added Pin To Net: NetName=NetD4_3 Pin=D4-3
Added Pin To Net: NetName=NetD4_3 Pin=D5-1
Added Net: Name=NetD4_3
Added Pin To Net: NetName=NetD5_3 Pin=D5-3
Added Pin To Net: NetName=NetD5_3 Pin=D6-1
Added Net: Name=NetD5_3
Added Pin To Net: NetName=NetD7_3 Pin=D7-3
Added Pin To Net: NetName=NetD7_3 Pin=D8-1
Added Net: Name=NetD7_3
Added Pin To Net: NetName=NetD8_3 Pin=D8-3
Added Pin To Net: NetName=NetD8_3 Pin=D9-1
Added Net: Name=NetD8_3
Added Pin To Net: NetName=NetD9_3 Pin=D9-3
Added Pin To Net: NetName=NetD9_3 Pin=D10-1
Added Net: Name=NetD9_3
Added Pin To Net: NetName=NetD10_3 Pin=D10-3
Added Pin To Net: NetName=NetD10_3 Pin=D11-1
Added Net: Name=NetD10_3
Added Room: Name=Sheet1
Added Room: Name=Sheet2
