Removed Pin From Net: NetName=+3.3 Pin=J4-1
Removed Pin From Net: NetName=U/D Pin=J4-2
Removed Pin From Net: NetName=BTN Pin=J4-3
Removed Pin From Net: NetName=GND Pin=J4-4
Removed Pin From Net: NetName=L/R Pin=J4-5
Change Component Designator: OldDesignator=NEO_END1 NewDesignator=NEO_E
Change Component Designator: OldDesignator=Spare1 NewDesignator=Sp1
Change Component Designator: OldDesignator=Spare2 NewDesignator=Sp2
Change Component Designator: OldDesignator=Spare3 NewDesignator=Sp3
Change Component Designator: OldDesignator=Spare4 NewDesignator=Sp4
Change Component Designator: OldDesignator=Spare5 NewDesignator=Sp5
Change Component Designator: OldDesignator=Spare6 NewDesignator=Sp6
Change Component Designator: OldDesignator=Spare7 NewDesignator=Sp7
Change Component Designator: OldDesignator=SWCLK NewDesignator=SK
Change Component Designator: OldDesignator=SWDIO NewDesignator=SO
Added Component: Designator=R11(RES 0603_1608)
Add component (AddParameter): Name = "Features"; Value = "Automotive AEC-Q200"; VariantName = "[No Variations]"
Add component (AddParameter): Name = "Manufacturer"; Value = "Panasonic Electronic Components"; VariantName = "[No Variations]"
Add component (AddParameter): Name = "Operating Temperature"; Value = "-55°C ~ 155°C"; VariantName = "[No Variations]"
Add component (AddParameter): Name = "Part Number"; Value = "ERJ-3GEY0R00V"; VariantName = "[No Variations]"
Add component (AddParameter): Name = "Power (Watts)"; Value = "1/10W"; VariantName = "[No Variations]"
Add component (AddParameter): Name = "SCH_Comment"; Value = "0R"; VariantName = "[No Variations]"
Add component (AddParameter): Name = "Size"; Value = "0603 (1608 Metric)"; VariantName = "[No Variations]"
Add component (AddParameter): Name = "Supplier 1"; Value = "Digi-key"; VariantName = "[No Variations]"
Add component (AddParameter): Name = "Supplier Part Number 1"; Value = "P0.0GCT-ND"; VariantName = "[No Variations]"
Add component (AddParameter): Name = "Temperature Coefficient"; Value = "±200ppm/°C"; VariantName = "[No Variations]"
Add component (AddParameter): Name = "Tolerance"; Value = "--"; VariantName = "[No Variations]"
Add component (AddParameter): Name = "Value"; Value = "0"; VariantName = "[No Variations]"
Added Component: Designator=R12(RES 0603_1608)
Add component (AddParameter): Name = "Features"; Value = "Automotive AEC-Q200"; VariantName = "[No Variations]"
Add component (AddParameter): Name = "Manufacturer"; Value = "Panasonic Electronic Components"; VariantName = "[No Variations]"
Add component (AddParameter): Name = "Operating Temperature"; Value = "-55°C ~ 155°C"; VariantName = "[No Variations]"
Add component (AddParameter): Name = "Part Number"; Value = "ERJ-3GEY0R00V"; VariantName = "[No Variations]"
Add component (AddParameter): Name = "Power (Watts)"; Value = "1/10W"; VariantName = "[No Variations]"
Add component (AddParameter): Name = "SCH_Comment"; Value = "0R"; VariantName = "[No Variations]"
Add component (AddParameter): Name = "Size"; Value = "0603 (1608 Metric)"; VariantName = "[No Variations]"
Add component (AddParameter): Name = "Supplier 1"; Value = "Digi-key"; VariantName = "[No Variations]"
Add component (AddParameter): Name = "Supplier Part Number 1"; Value = "P0.0GCT-ND"; VariantName = "[No Variations]"
Add component (AddParameter): Name = "Temperature Coefficient"; Value = "±200ppm/°C"; VariantName = "[No Variations]"
Add component (AddParameter): Name = "Tolerance"; Value = "--"; VariantName = "[No Variations]"
Add component (AddParameter): Name = "Value"; Value = "0"; VariantName = "[No Variations]"
Added Component: Designator=R13(RES 0603_1608)
Add component (AddParameter): Name = "Features"; Value = "Automotive AEC-Q200"; VariantName = "[No Variations]"
Add component (AddParameter): Name = "Manufacturer"; Value = "Panasonic Electronic Components"; VariantName = "[No Variations]"
Add component (AddParameter): Name = "Operating Temperature"; Value = "-55°C ~ 155°C"; VariantName = "[No Variations]"
Add component (AddParameter): Name = "Part Number"; Value = "ERJ-3GEY0R00V"; VariantName = "[No Variations]"
Add component (AddParameter): Name = "Power (Watts)"; Value = "1/10W"; VariantName = "[No Variations]"
Add component (AddParameter): Name = "SCH_Comment"; Value = "0R"; VariantName = "[No Variations]"
Add component (AddParameter): Name = "Size"; Value = "0603 (1608 Metric)"; VariantName = "[No Variations]"
Add component (AddParameter): Name = "Supplier 1"; Value = "Digi-key"; VariantName = "[No Variations]"
Add component (AddParameter): Name = "Supplier Part Number 1"; Value = "P0.0GCT-ND"; VariantName = "[No Variations]"
Add component (AddParameter): Name = "Temperature Coefficient"; Value = "±200ppm/°C"; VariantName = "[No Variations]"
Add component (AddParameter): Name = "Tolerance"; Value = "--"; VariantName = "[No Variations]"
Add component (AddParameter): Name = "Value"; Value = "0"; VariantName = "[No Variations]"
Added Component: Designator=R14(RES 0603_1608)
Add component (AddParameter): Name = "Features"; Value = "Automotive AEC-Q200"; VariantName = "[No Variations]"
Add component (AddParameter): Name = "Manufacturer"; Value = "Panasonic Electronic Components"; VariantName = "[No Variations]"
Add component (AddParameter): Name = "Operating Temperature"; Value = "-55°C ~ 155°C"; VariantName = "[No Variations]"
Add component (AddParameter): Name = "Part Number"; Value = "ERJ-3GEY0R00V"; VariantName = "[No Variations]"
Add component (AddParameter): Name = "Power (Watts)"; Value = "1/10W"; VariantName = "[No Variations]"
Add component (AddParameter): Name = "SCH_Comment"; Value = "0R"; VariantName = "[No Variations]"
Add component (AddParameter): Name = "Size"; Value = "0603 (1608 Metric)"; VariantName = "[No Variations]"
Add component (AddParameter): Name = "Supplier 1"; Value = "Digi-key"; VariantName = "[No Variations]"
Add component (AddParameter): Name = "Supplier Part Number 1"; Value = "P0.0GCT-ND"; VariantName = "[No Variations]"
Add component (AddParameter): Name = "Temperature Coefficient"; Value = "±200ppm/°C"; VariantName = "[No Variations]"
Add component (AddParameter): Name = "Tolerance"; Value = "--"; VariantName = "[No Variations]"
Add component (AddParameter): Name = "Value"; Value = "0"; VariantName = "[No Variations]"
Added Component: Designator=R15(RES 0603_1608)
Add component (AddParameter): Name = "Features"; Value = "Automotive AEC-Q200"; VariantName = "[No Variations]"
Add component (AddParameter): Name = "Manufacturer"; Value = "Panasonic Electronic Components"; VariantName = "[No Variations]"
Add component (AddParameter): Name = "Operating Temperature"; Value = "-55°C ~ 155°C"; VariantName = "[No Variations]"
Add component (AddParameter): Name = "Part Number"; Value = "ERJ-3GEY0R00V"; VariantName = "[No Variations]"
Add component (AddParameter): Name = "Power (Watts)"; Value = "1/10W"; VariantName = "[No Variations]"
Add component (AddParameter): Name = "SCH_Comment"; Value = "0R"; VariantName = "[No Variations]"
Add component (AddParameter): Name = "Size"; Value = "0603 (1608 Metric)"; VariantName = "[No Variations]"
Add component (AddParameter): Name = "Supplier 1"; Value = "Digi-key"; VariantName = "[No Variations]"
Add component (AddParameter): Name = "Supplier Part Number 1"; Value = "P0.0GCT-ND"; VariantName = "[No Variations]"
Add component (AddParameter): Name = "Temperature Coefficient"; Value = "±200ppm/°C"; VariantName = "[No Variations]"
Add component (AddParameter): Name = "Tolerance"; Value = "--"; VariantName = "[No Variations]"
Add component (AddParameter): Name = "Value"; Value = "0"; VariantName = "[No Variations]"
Added Pin To Net: NetName=+3.3 Pin=R11-1
Added Pin To Net: NetName=U/D Pin=R12-1
Added Pin To Net: NetName=BTN Pin=R13-1
Added Pin To Net: NetName=GND Pin=R14-1
Added Pin To Net: NetName=L/R Pin=R15-1
Change Net Name : Old Net Name=NetSpare1_TP New Net Name=NetSp1_TP
Change Net Name : Old Net Name=NetSpare2_TP New Net Name=NetSp2_TP
Change Net Name : Old Net Name=NetSpare3_TP New Net Name=NetSp3_TP
Change Net Name : Old Net Name=NetSpare4_TP New Net Name=NetSp4_TP
Change Net Name : Old Net Name=NetSpare5_TP New Net Name=NetSp5_TP
Change Net Name : Old Net Name=NetSpare6_TP New Net Name=NetSp6_TP
Change Net Name : Old Net Name=NetSpare7_TP New Net Name=NetSp7_TP
Change Net Name : Old Net Name=NetSWCLK_TP New Net Name=NetSK_TP
Change Net Name : Old Net Name=NetSWDIO_TP New Net Name=NetSO_TP
Added Pin To Net: NetName=NetJ4_1 Pin=J4-1
Added Pin To Net: NetName=NetJ4_1 Pin=R11-2
Added Net: Name=NetJ4_1
Added Pin To Net: NetName=NetJ4_2 Pin=J4-2
Added Pin To Net: NetName=NetJ4_2 Pin=R12-2
Added Net: Name=NetJ4_2
Added Pin To Net: NetName=NetJ4_3 Pin=J4-3
Added Pin To Net: NetName=NetJ4_3 Pin=R13-2
Added Net: Name=NetJ4_3
Added Pin To Net: NetName=NetJ4_4 Pin=J4-4
Added Pin To Net: NetName=NetJ4_4 Pin=R14-2
Added Net: Name=NetJ4_4
Added Pin To Net: NetName=NetJ4_5 Pin=J4-5
Added Pin To Net: NetName=NetJ4_5 Pin=R15-2
Added Net: Name=NetJ4_5
Added Member To Class: ClassName=Sheet1 Member=Component R11 0R
Added Member To Class: ClassName=Sheet1 Member=Component R12 0R
Added Member To Class: ClassName=Sheet1 Member=Component R13 0R
Added Member To Class: ClassName=Sheet1 Member=Component R14 0R
Added Member To Class: ClassName=Sheet1 Member=Component R15 0R
