Add Component: Footprint Not Found 2 pin header
Added Component: Designator=SWCLK(TP2020)
Add component (AddParameter): Name = "Manufacturer"; Value = "Keystone Electronics"; VariantName = "[No Variations]"
Add component (AddParameter): Name = "Part Number"; Value = "JMP-RTZL7I"; VariantName = "[No Variations]"
Add component (AddParameter): Name = "SCH_Comment"; Value = "5015 TestPoint"; VariantName = "[No Variations]"
Add component (AddParameter): Name = "Supplier 1"; Value = "DigiKey"; VariantName = "[No Variations]"
Add component (AddParameter): Name = "Supplier Part Number 1"; Value = "36-5015TR-ND"; VariantName = "[No Variations]"
Added Component: Designator=SWDIO(TP2020)
Add component (AddParameter): Name = "Manufacturer"; Value = "Keystone Electronics"; VariantName = "[No Variations]"
Add component (AddParameter): Name = "Part Number"; Value = "JMP-RTZL7I"; VariantName = "[No Variations]"
Add component (AddParameter): Name = "SCH_Comment"; Value = "5015 TestPoint"; VariantName = "[No Variations]"
Add component (AddParameter): Name = "Supplier 1"; Value = "DigiKey"; VariantName = "[No Variations]"
Add component (AddParameter): Name = "Supplier Part Number 1"; Value = "36-5015TR-ND"; VariantName = "[No Variations]"
Added Component: Designator=U3(PAW3515DB)
Add component (AddParameter): Name = "Part Number"; Value = "PAW3515DB"; VariantName = "[No Variations]"
Add component (AddParameter): Name = "SCH_Comment"; Value = "PAW3515DB"; VariantName = "[No Variations]"
Add component (AddParameter): Name = "Supplier 1"; Value = "Aliexpress"; VariantName = "[No Variations]"
Add component (AddParameter): Name = "Supplier Part Number 1"; Value = "https://fr.aliexpress.com/item/4001098948441.html"; VariantName = "[No Variations]"
Add Pin To Net: Unknown Pin: Pin M1-1
Add Pin To Net: Unknown Pin: Pin M1-2
Added Pin To Net: NetName=NetD12_A Pin=U3-1
Added Pin To Net: NetName=+5 Pin=U3-2
Added Pin To Net: NetName=NetE1_1 Pin=U3-3
Added Pin To Net: NetName=NetE1_2 Pin=U3-4
Added Pin To Net: NetName=NetR7_1 Pin=U3-5
Added Pin To Net: NetName=GND Pin=U3-6
Added Pin To Net: NetName=D-_mouse Pin=U3-7
Added Pin To Net: NetName=D+_mouse Pin=U3-8
Added Pin To Net: NetName=NetSWCLK_TP Pin=SWCLK-TP
Added Pin To Net: NetName=NetSWCLK_TP Pin=U1-37
Added Net: Name=NetSWCLK_TP
Added Pin To Net: NetName=NetSWDIO_TP Pin=SWDIO-TP
Added Pin To Net: NetName=NetSWDIO_TP Pin=U1-34
Added Net: Name=NetSWDIO_TP
Add Class Member: Failed to add class member : Component M1 motor
Added Member To Class: ClassName=Sheet1 Member=Component SWCLK TestPoint
Added Member To Class: ClassName=Sheet1 Member=Component SWDIO TestPoint
Added Member To Class: ClassName=Sheet2 Member=Component U3 PAW3515DB
