Added Component: Designator=J1(AMPHENOL_GSB1C41110SSHR)
Add component (AddParameter): Name = "Check_prices"; Value = "https://www.snapeda.com/parts/GSB1C41110SSHR/Amphenol/view-part/?ref=eda"; VariantName = "[No Variations]"
Add component (AddParameter): Name = "Manufacturer"; Value = "Amphenol"; VariantName = "[No Variations]"
Add component (AddParameter): Name = "MF"; Value = "Amphenol Canada"; VariantName = "[No Variations]"
Add component (AddParameter): Name = "MP"; Value = "GSB1C41110SSHR"; VariantName = "[No Variations]"
Add component (AddParameter): Name = "Package"; Value = "None"; VariantName = "[No Variations]"
Add component (AddParameter): Name = "Part Number"; Value = "USB_16p_SMT"; VariantName = "[No Variations]"
Add component (AddParameter): Name = "SCH_Comment"; Value = "USB-C"; VariantName = "[No Variations]"
Add component (AddParameter): Name = "SnapEDA_Link"; Value = "https://www.snapeda.com/parts/GSB1C41110SSHR/Amphenol/view-part/?ref=snap"; VariantName = "[No Variations]"
Add component (AddParameter): Name = "Value"; Value = ""; VariantName = "[No Variations]"
Added Pin To Net: NetName=GND Pin=J1-A1_B12
Added Pin To Net: NetName=+5 Pin=J1-A4_B9
Added Pin To Net: NetName=NetJ1_A5 Pin=J1-A5
Added Pin To Net: NetName=USBD_P Pin=J1-A6
Added Pin To Net: NetName=USBD_N Pin=J1-A7
Added Pin To Net: NetName=GND Pin=J1-B1_A12
Added Pin To Net: NetName=+5 Pin=J1-B4_A9
Added Pin To Net: NetName=NetJ1_B5 Pin=J1-B5
Added Pin To Net: NetName=USBD_P Pin=J1-B6
Added Pin To Net: NetName=USBD_N Pin=J1-B7
Added Member To Class: ClassName=Sheet1 Member=Component J1 GSB1C41110SSHR
