Change Component Designator: Old Designator=BOOT? New Designator=BOOT1
Change Component Designator: Old Designator=BTN? New Designator=BTN1
Change Component Designator: Old Designator=C? New Designator=C10
Change Component Designator: Old Designator=C? New Designator=C11
Change Component Designator: Old Designator=C? New Designator=C12
Change Component Designator: Old Designator=C? New Designator=C13
Change Component Designator: Old Designator=C? New Designator=C14
Change Component Designator: Old Designator=C? New Designator=C15
Change Component Designator: Old Designator=C? New Designator=C16
Change Component Designator: Old Designator=L/R? New Designator=L/R1
Change Component Designator: Old Designator=MOT? New Designator=MOT1
Change Component Designator: Old Designator=NEO? New Designator=NEO1
Change Component Designator: Old Designator=R? New Designator=R6
Change Component Designator: Old Designator=R? New Designator=R7
Change Component Designator: Old Designator=R? New Designator=R8
Change Component Designator: Old Designator=RST? New Designator=RST1
Change Component Designator: Old Designator=SW? New Designator=SW4
Change Component Designator: Old Designator=SW? New Designator=SW5
Change Component Designator: Old Designator=SW? New Designator=SW6
Change Component Designator: Old Designator=SWCLK? New Designator=SWCLK2
Change Component Designator: Old Designator=SWDIO? New Designator=SWDIO2
Change Component Designator: Old Designator=Touch? New Designator=Touch1
Change Component Designator: Old Designator=Touch? New Designator=Touch2
Change Component Designator: Old Designator=Touch? New Designator=Touch3
Change Component Designator: Old Designator=Touch? New Designator=Touch4
Change Component Designator: Old Designator=Touch? New Designator=Touch5
Change Component Designator: Old Designator=Touch? New Designator=Touch6
Change Component Designator: Old Designator=Touch? New Designator=Touch7
Change Component Designator: Old Designator=Touch? New Designator=Touch8
Change Component Designator: Old Designator=Touch? New Designator=Touch9
Change Component Designator: Old Designator=Touch? New Designator=Touch10
Change Component Designator: Old Designator=U/D? New Designator=U/D1
Change Component Designator: Old Designator=U? New Designator=U3
Change Component Designator: Old Designator=X? New Designator=X1
